At 5:5 of file tests/errors/array_bounds_check_01.f90
Runtime Error: Size mismatch in assignment to 'x'

LHS size is 10 and RHS size is 3

Use '--realloc-lhs-arrays' option to reallocate LHS automatically.
