At 12:9 of file tests/errors/array_bounds_check_07.f90
Runtime Error: Size mismatch in binary operation with operands 'x' and 'y'

Size of 'x' is 3 and size of 'y' is 4
