At 11:9 of file tests/errors/array_bounds_check_02.f90
Runtime Error: Size mismatch in assignment to 'y'

LHS size is 4 and RHS size is 3
